 AS V1.42 Beta [Bld 80] - source file COP421-HZT.asm - page 1 - 1/24/2016 11:52:51


       1/       0 :                     	cpu COP420
       2/       0 :                     	page 0
       3/       0 :                     	
       4/       0 :                     ;********************************************************************
       5/       0 :                     ;
       6/       0 :                     ;              Apple LISA I/O Board - COP421-HZT firmware
       7/       0 :                     ;                         Version 341-0064-A 
       8/       0 :                     ;            original code (c) by Apple Computer Inc., 1983
       9/       0 :                     ;
      10/       0 :                     ;   dumped and disassembled by Patrick Schaefer, 2016
      11/       0 :                     ;
      12/       0 :                     ;   Last changes: 2016-01-23 PS
      13/       0 :                     ;
      14/       0 :                     ;********************************************************************
      15/       0 :                     	
      16/       0 :                     	
      17/       0 :                     	org 0x000
      18/       0 : 00                  _0000	CLRA
      19/       1 : 33 5F               	OGI 0xF		
      20/       3 : 32                  	RC
      21/       4 : 6B EC               	JSR _03EC
      22/       6 : 20                  	SKC		
      23/       7 : CC                  	JP _000C
      24/       8 : 32                  	RC
      25/       9 : 4F                  	XAS
      26/       A : 22                  	SC
      27/       B : CD                  	JP _000D
      28/       C :                     	
      29/       C : 4F                  _000C	XAS
      30/       D : 21                  _000D	SKE		
      31/       E : 62 F8               	JMP 0x2F8
      32/      10 : 6A 56               	JSR 0x256
      33/      12 : 20                  	SKC		
      34/      13 : D9                  	JP _0019
      35/      14 : 8C                  	JSRP _008C
      36/      15 : 2D                  	LBI 2, 0xE
      37/      16 : 7F                  	STII 0xF
      38/      17 : 7E                  	STII 0xE
      39/      18 : 8F                  	JSRP _008F
      40/      19 : 68 40               _0019	JSR _0040
      41/      1B : 69 FA               	JSR _01FA
      42/      1D : 68 77               	JSR _0077
      43/      1F : 68 40               	JSR _0040
      44/      21 : 69 24               	JSR _0124
      45/      23 : 68 40               	JSR _0040
      46/      25 : 41                  	SKT
      47/      26 : EB                  	JP _002B
      48/      27 : 6A 7B               	JSR _027B
      49/      29 : 69 BE               	JSR _01BE
      50/      2B : 68 FF               _002B	JSR _00FF
      51/      2D : D9                  	JP _0019
      52/      2E :                     	
      53/      2E : 60 19 73 61         _002E	db 0x60, 0x19, 0x73, 0x61
      54/      32 : 69 73 69 73         	db 0x69, 0x73, 0x69, 0x73
      55/      36 : 73 61 61 73         	db 0x73, 0x61, 0x61, 0x73
      56/      3A : 73 69 73 69         	db 0x73, 0x69, 0x73, 0x69
      57/      3E : 61 73               	db 0x61, 0x73
      58/      40 :                     	
      59/      40 :                     ; Page 1
      60/      40 : 08                  _0040	LBI 0, 0x9 
      61/      41 : 33 3E               	OBD
      62/      43 : 33 2A               	ING
      63/      45 : 3B                  	LBI 3, 0xC
      64/      46 : 06                  	X 0x0
      65/      47 : 42                  	RMB 2
      66/      48 : 43                  	RMB 3
      67/      49 : 01                  	SKMBZ 0	
      68/      4A : 54                  	AISC 0x4
      69/      4B : 11                  	SKMBZ 1		
      70/      4C : 58                  	AISC 0x8
      71/      4D : 33 A2               	LBI 2,0x2
      72/      4F : 9F                  	JSRP _009F
      73/      50 : 0A                  	LBI 0,0xB
      74/      51 : 33 3E               	OBD
      75/      53 : 33 2A               	ING
      76/      55 : 3C                  	LBI 3,0xD
      77/      56 : 06                  	X 0
      78/      57 : 42                  	RMB 2
      79/      58 : 43                  	RMB 3
      80/      59 : 01                  	SKMBZ 0
      81/      5A : 54                  	AISC 0x4
      82/      5B : 11                  	SKMBZ 1
      83/      5C : 58                  	AISC 0x8
      84/      5D : 33 B2               	LBI 3,0x2
      85/      5F : 9F                  	JSRP _009F	
      86/      60 : 48                  	RET 
      87/      61 :                     	
      88/      61 : 07                  _0061	XDS 0
      89/      62 : 22                  	SC
      90/      63 : 00                  _0063	CLRA
      91/      64 : 30                  	ASC
      92/      65 : EF                  	JP _006F
      93/      66 : 07                  	XDS 0
      94/      67 : E3                  	JP _0063
      95/      68 : F0                  	JP _0070
      96/      69 : 07                  	XDS 0
      97/      6A : 32                  	RC
      98/      6B : 00                  _006B	CLRA
      99/      6C : 5F                  	AISC 0xF
     100/      6D : 30                  	ASC
     101/      6E : F4                  	JP _0074
     102/      6F : 06                  _006F	X 0
     103/      70 : 33 A6               _0070	LBI 2,0x6
     104/      72 : 43                  	RMB 3
     105/      73 : 48                  	RET
     106/      74 :                     	
     107/      74 : 07                  _0074	XDS 0
     108/      75 : EB                  	JP _006B
     109/      76 : F0                  	JP _0070
     110/      77 : 33 03               _0077	SKGBZ 2
     111/      79 : 48                  	RET
     112/      7A : A3                  	JSRP _00A3
     113/      7B : 33 03               	SKGBZ 2
     114/      7D : 48                  	RET
     115/      7E : 62 53               	JMP _0253
     116/      80 :                     ; Page 2
     117/      80 : 23 A9               _0080	XAD 2,0x9
     118/      82 : 51                  	AISC 0x1
     119/      83 : 44                  	NOP
     120/      84 : 5F                  	AISC 0xF
     121/      85 : 89                  	JP _0089
     122/      86 : 23 A9               	XAD 2,0x9
     123/      88 : DB                  	JP _00DB 
     124/      89 : 23 A9               _0089	XAD 2,0x9
     125/      8B : DF                  _008B	JP _00DF
     126/      8C : 2D                  _008C	LBI 2, 0xE
     127/      8D : 78                  	STII 0x8
     128/      8E : 70                  	STII 0x0
     129/      8F : 38                  _008F	LBI 3,0x9
     130/      90 : 01                  	SKMBZ 0
     131/      91 : CD                  	JP _00CD
     132/      92 : 4D                  	SMB 0
     133/      93 : 2D                  	LBI 2, 0xE
     134/      94 : 04                  	XIS 0
     135/      95 : 33 3C               _0095	CAMQ
     136/      97 : 33 65               	LEI 0x5 
     137/      99 : 33 6D               	LEI 0xD
     138/      9B : 33 61               	LEI 0x1
     139/      9D : 44                  _009D	NOP
     140/      9E : 48                  _009E	RET
     141/      9F :                     	
     142/      9F : 06                  _009F	X 0
     143/      A0 : 00                  	CLRA
     144/      A1 : 53                  	AISC 0x3
     145/      A2 : FF                  	JID
     146/      A3 : 41                  _00A3	SKT
     147/      A4 : A3                  	JP _00A3
     148/      A5 : 62 7B               	JMP _027B
     149/      A7 :                     
     150/      A7 : 3D                  _00A7	LBI 3,0xE
     151/      A8 : 78                  	STII 0x8
     152/      A9 : 70                  	STII 0x0
     153/      AA : 3D                  _00AA	LBI 3,0xE
     154/      AB : 33 01               _00AB	SKGBZ 0
     155/      AD : AB                  	JP _00AB
     156/      AE : 33 01               _00AE	SKGBZ 0
     157/      B0 : B2                  	JP _00B2 
     158/      B1 : AE                  	JP _00AE
     159/      B2 : 33 01               _00B2	SKGBZ 0
     160/      B4 : DD                  	JP _00DD
     161/      B5 : 22                  _00B5	SC
     162/      B6 : 4F                  	XAS
     163/      B7 : 32                  _00B7	RC
     164/      B8 : 01                  	SKMBZ 0
     165/      B9 : 22                  	SC
     166/      BA : 4F                  	XAS
     167/      BB : 32                  	RC
     168/      BC : 11                  	SKMBZ 1
     169/      BD : 22                  	SC
     170/      BE : 4F                  	XAS
     171/      BF : 32                  	RC
     172/      C0 :                     ; Page 3
     173/      C0 : 03                  	SKMBZ 2 
     174/      C1 : 22                  	SC
     175/      C2 : 4F                  	XAS
     176/      C3 : 32                  	RC
     177/      C4 : 13                  	SKMBZ 3
     178/      C5 : 22                  	SC
     179/      C6 : 4F                  	XAS
     180/      C7 : 06                  	X 0
     181/      C8 : 04                  	XIS 0
     182/      C9 : B7                  	JP _00B7
     183/      CA : 32                  	RC
     184/      CB : 4F                  	XAS
     185/      CC : 48                  	RET
     186/      CD :                     	
     187/      CD : 46                  _00CD	SMB 2
     188/      CE : 2B                  	LBI 2, 0xC
     189/      CF : 05                  	LD 0
     190/      D0 : 52                  	AISC 0x2 
     191/      D1 : 44                  	NOP
     192/      D2 : 06                  	X 0
     193/      D3 : 05                  	LD 0
     194/      D4 : 0F                  	LBI 0,0x0
     195/      D5 : 50                  	CAB
     196/      D6 : 23 2E               	LDD 2,0xE
     197/      D8 : 04                  	XIS 0
     198/      D9 : 23 2F               	LDD 2,0xF
     199/      DB : 06                  _00DB	X 0
     200/      DC : 48                  	RET
     201/      DD :                     
     202/      DD : 60 B5               _00DD	JMP _00B5
     203/      DF : 02                  _00DF	XOR
     204/      E0 : 23 AD               	XAD 2,0xD 
     205/      E2 : 23 2D               	LDD 2,0xD
     206/      E4 : 06                  	X 0
     207/      E5 : 23 AC               	XAD 2,0xC
     208/      E7 : 33 2A               	ING
     209/      E9 : 21                  	SKE
     210/      EA : F7                  	JP _00F7
     211/      EB : 00                  	CLRA
     212/      EC : 51                  _00EC	AISC 0x1
     213/      ED : EC                  	JP _00EC
     214/      EE : 33 2A               	ING
     215/      F0 : 21                  	SKE 
     216/      F1 : F7                  	JP _00F7
     217/      F2 : 23 2C               	LDD 2,0xC
     218/      F4 : 06                  	X 0
     219/      F5 : 00                  	CLRA
     220/      F6 : 49                  	RETSK
     221/      F7 :                     	
     222/      F7 : 06                  _00F7	X 0
     223/      F8 : 23 2C               	LDD 2,0xC
     224/      FA : 02                  	XOR
     225/      FB : 06                  	X 0
     226/      FC : 23 2C               	LDD 2,0xC
     227/      FE : 48                  	RET
     228/      FF :                     
     229/      FF : 33 60               _00FF	LEI 0 
     230/     101 :                     ; Page 4	
     231/     101 : 38                  	LBI 3,0x9
     232/     102 : 01                  	SKMBZ 0
     233/     103 : 13                  	SKMBZ 3
     234/     104 : 48                  	RET
     235/     105 : 32                  	RC
     236/     106 : 4F                  	XAS
     237/     107 : 5F                  	AISC 0xF
     238/     108 : CA                  	JP _010A
     239/     109 : 48                  	RET
     240/     10A :                     	
     241/     10A : 03                  _010A	SKMBZ 2
     242/     10B : D4                  	JP _0114
     243/     10C : 4C                  	RMB 0
     244/     10D : 00                  	CLRA
     245/     10E : 23 A4               	XAD 2,0x4
     246/     110 : 51                  	AISC 0x1
     247/     111 : 48                  	RET
     248/     112 :                     	
     249/     112 : 62 39               _0112	JMP _0239
     250/     114 : 2C                  _0114	LBI 2, 0x0D
     251/     115 : 05                  	LD 0
     252/     116 : 52                  	AISC 0x2
     253/     117 : 44                  	NOP
     254/     118 : 07                  	XDS 0
     255/     119 : 23 2D               	LDD 2, 0xD
     256/     11B : 21                  	SKE
     257/     11C : DF                  	JP _011F
     258/     11D : 38                  	LBI 3, 0x9
     259/     11E : 42                  	RMB 2
     260/     11F : 0F                  _011F	LBI 0,0x0
     261/     120 : 50                  	CAB
     262/     121 : 04                  	XIS 0
     263/     122 : 60 95               	JMP _0095
     264/     124 : 3E                  _0124	LBI 3,0xF
     265/     125 : 33 3E               	OBD
     266/     127 : 38                  	LBI 3,0x9
     267/     128 : 03                  	SKMBZ 2
     268/     129 : EB                  	JP _012B
     269/     12A : F3                  	JP _0133
     270/     12B : 23 2C               _012B	LDD 2,0xC
     271/     12D : 2C                  	LBI 2,0xD
     272/     12E : 22                  	SC
     273/     12F : 10                  	CASC
     274/     130 : 44                  	NOP
     275/     131 : 58                  	AISC 0x8
     276/     132 : 48                  	RET
     277/     133 :                     	
     278/     133 : 33 01               _0133	SKGBZ 0
     279/     135 : F8                  	JP _0138
     280/     136 : 61 83               	JMP _0183
     281/     138 : 23 38               _0138	LDD 3,0x8
     282/     13A : 51                  	AISC 0x1
     283/     13B : 61 8D               	JMP _018D
     284/     13D : 33 61               	LEI 1
     285/     13F : 22                  	SC
     286/     140 :                     ; Page 5
     287/     140 : 3D                  	LBI 3,0xE 
     288/     141 : 4F                  	XAS
     289/     142 : 23 33               	LDD 3,0x3
     290/     144 : 04                  	XIS 0
     291/     145 : 32                  	RC
     292/     146 : 4F                  	XAS
     293/     147 : 23 34               	LDD 3,0x4 
     294/     149 : 06                  	X 0
     295/     14A : 2D                  	LBI 2,0xE
     296/     14B : 33 01               	SKGBZ 0
     297/     14D : FD                   	JP _017D
     298/     14E : 4D                  _014E	SMB 0
     299/     14F : 33 01               	SKGBZ 0
     300/     151 : 4C                  	RMB 0
     301/     152 : 47                  	SMB 1
     302/     153 : 33 01               	SKGBZ 0
     303/     155 : 45                  	RMB 1
     304/     156 : 46                  	SMB 2
     305/     157 : 33 01               	SKGBZ 0 
     306/     159 : 42                  	RMB 2
     307/     15A : 4B                  	SMB 3
     308/     15B : 33 01               	SKGBZ 0
     309/     15D : 43                  	RMB 3
     310/     15E : 06                  	X 0
     311/     15F : 04                  	XIS 0
     312/     160 : CE                  	JP _014E 
     313/     161 : 33 B5               _0161	LBI 3,0x5
     314/     163 : 33 01               	SKGBZ 0
     315/     165 : E8                  	JP _0168
     316/     166 : 61 83               	JMP _0183
     317/     168 :                     	
     318/     168 : 13                  _0168	SKMBZ 3
     319/     169 : ED                  	JP _016D
     320/     16A : 8F                  _016A 	JSRP _008F
     321/     16B : 61 33               	JMP _0133
     322/     16D :                     	
     323/     16D : 23 2E               _016D	LDD 2,0xE
     324/     16F : 21                  	SKE
     325/     170 : EA                  	JP _016A 
     326/     171 : 2E                  	LBI 2,0xF
     327/     172 : 23 36               	LDD 3,0x6
     328/     174 : 21                  	SKE
     329/     175 : EA                  	JP _016A
     330/     176 : A3                  	JSRP _00A3
     331/     177 : 33 5B               	OGI 0xB 
     332/     179 : A3                  	JSRP _00A3
     333/     17A : 33 5F               	OGI 0xF
     334/     17C : 48                  	RET
     335/     17D :                     	
     336/     17D : 3D                  _017D	LBI 3,0xE
     337/     17E : 33 01               	SKGBZ 0
     338/     180 :                     ; Page 6 
     339/     180 : C2                  	JP _0182
     340/     181 : B5                  _0181	JSRP _00B5
     341/     182 : CD                  _0182	JP _018D
     342/     183 :                     
     343/     183 : 00                  _0183	CLRA
     344/     184 : 23 B8               	XAD 3,0x8
     345/     186 : 51                  	AISC 0x1
     346/     187 : CD                  	JP _018D
     347/     188 : 8C                  	JSRP _008C 
     348/     189 : 2D                  	LBI 2,0xE
     349/     18A : 7F                  	STII 0xF
     350/     18B : 7D                  	STII 0xD
     351/     18C : 8F                  	JSRP _008F
     352/     18D : 2E                  _018D	LBI 2,0xF
     353/     18E : 75                  	STII 0x5
     354/     18F : 28                  	LBI 2,0x9
     355/     190 : 33 11               _0190	SKGBZ 1
     356/     192 : E0                  	JP _01A0
     357/     193 : 01                  _0193	SKMBZ 0
     358/     194 : D7                  	JP _0197
     359/     195 : 45                  	RMB 1
     360/     196 : EC                  	JP _01AC
     361/     197 :                     	
     362/     197 : 11                  _0197	SKMBZ 1
     363/     198 : DE                  	JP _019E 
     364/     199 : 4C                  	RMB 0
     365/     19A : 2D                  	LBI 2,0xE
     366/     19B : 78                  	STII 0x8
     367/     19C : 60 8F               	JMP _008F
     368/     19E :                     	
     369/     19E : 45                  _019E	RMB 1
     370/     19F : EC                  	JP _01AC
     371/     1A0 :                     	
     372/     1A0 : 01                  _01A0	SKMBZ 0
     373/     1A1 : EB                  	JP _01AB
     374/     1A2 : 11                  	SKMBZ 1
     375/     1A3 : E6                  	JP _01A6
     376/     1A4 : 47                  	SMB 1
     377/     1A5 : EC                  	JP _01AC
     378/     1A6 :                     	
     379/     1A6 : 4D                  _01A6	SMB 0
     380/     1A7 : 2D                  	LBI 2,0xE
     381/     1A8 : 70                  	STII 0x0 
     382/     1A9 : 60 8F               	JMP _008F
     383/     1AB :                     	
     384/     1AB : 47                  _01AB	SMB 1
     385/     1AC : 2E                  _01AC	LBI 2,0xF
     386/     1AD : 11                  	SKMBZ 1
     387/     1AE : F8                  	JP _01B8
     388/     1AF : 76                  	STII 0x6
     389/     1B0 : 2C                  	LBI 2,0xD
     390/     1B1 : 33 3E               	OBD
     391/     1B3 : 29                  	LBI 2,0xA
     392/     1B4 : 33 01               	SKGBZ 0
     393/     1B6 : E0                  	JP _01A0
     394/     1B7 : D3                  	JP _0193
     395/     1B8 :                     	
     396/     1B8 : 01                  _01B8	SKMBZ 0
     397/     1B9 : 62 6E               	JMP _026E
     398/     1BB : 77                  	STII 0x7
     399/     1BC : 2A                  	LBI 2,0xB
     400/     1BD : D0                  	JP _0190
     401/     1BE :                     	
     402/     1BE : 33 B7               _01BE	LBI 3,0x7
     403/     1C0 :                     ; Page 7
     404/     1C0 : 13                  	SKMBZ 3 
     405/     1C1 : C3                  	JP _01C3
     406/     1C2 : 48                  	RET
     407/     1C3 :                     	
     408/     1C3 : 33 A6               _01C3	LBI 2,0x6
     409/     1C5 : 13                  	SKMBZ 3
     410/     1C6 : 48                  	RET
     411/     1C7 :                     	
     412/     1C7 : 05                  _01C7	LD 0
     413/     1C8 : 5F                  	AISC 0xF
     414/     1C9 : CC                  	JP _01CC
     415/     1CA : 06                  	X 0
     416/     1CB : 48                  	RET
     417/     1CC :                     	
     418/     1CC : 38                  _01CC	LBI 3,0x9
     419/     1CD : 01                  	SKMBZ 0
     420/     1CE : 48                  	RET
     421/     1CF : 23 37               	LDD 3,0x7
     422/     1D1 : 23 A6               	XAD 2,0x6
     423/     1D3 : 2D                  	LBI 2,0xE
     424/     1D4 : 70                  	STII 0x0
     425/     1D5 : 70                  	STII 0x0
     426/     1D6 : 8F                  	JSRP _008F
     427/     1D7 : 2F                  	LBI 2,0x0
     428/     1D8 : 69 DB               	JSR _01DB
     429/     1DA : 3F                  	LBI 3,0x0
     430/     1DB : 05                  _01DB	LD 0
     431/     1DC : 70                  	STII 0x0
     432/     1DD : 23 AE               	XAD 2,0xE
     433/     1DF : 05                  	LD 0
     434/     1E0 : 70                  	STII 0x0 
     435/     1E1 : 23 AF               	XAD 2,0xF
     436/     1E3 : 60 8F               	JMP _008F
     437/     1E5 :                     	
     438/     1E5 :                     	org 0x1e5
     439/     1E5 : 0F                  _01E5	LBI 0,0x0
     440/     1E6 : 41                  _01E6	SKT
     441/     1E7 : E6                  	JP _01E6
     442/     1E8 : 15                  	LD 1
     443/     1E9 : 51                  	AISC 0x1
     444/     1EA : 22                  	SC
     445/     1EB : 35                  	LD 3
     446/     1EC : 51                  	AISC 0x1
     447/     1ED : 22                  	SC
     448/     1EE : 15                  	LD 1
     449/     1EF : 5F                  	AISC 0xF
     450/     1F0 : F2                  	JP _01F2 
     451/     1F1 : 22                  	SC
     452/     1F2 : 05                  _01F2	LD 0
     453/     1F3 : 5F                  	AISC 0xF
     454/     1F4 : F6                  	JP _01F6
     455/     1F5 : 22                  	SC
     456/     1F6 : 05                  _01F6	LD 0
     457/     1F7 : 34                  	XIS 3
     458/     1F8 : E6                  	JP _01E6
     459/     1F9 : 48                  	RET
     460/     1FA :                     	
     461/     1FA : 33 81               _01FA	LBI 0,0x1
     462/     1FC : 33 3E               	OBD
     463/     1FE : 38                  	LBI 3, 0x9
     464/     1FF : 33 3E               	OBD
     465/     201 : 39                  	LBI 3, 0xA
     466/     202 : 33 2E               	INL
     467/     204 : 13                  	SKMBZ 3
     468/     205 : 48                  	RET
     469/     206 : 06                  	X 0
     470/     207 : 5D                  	AISC 0xD
     471/     208 : CF                  	JP _020F
     472/     209 : 53                  	AISC 0x3
     473/     20A : 50                  _020A	CAB
     474/     20B : 23 3A               	LDD 3, 0xA
     475/     20D : 06                  	X 0
     476/     20E : 48                  	RET
     477/     20F :                     	
     478/     20F : 51                  _020F	AISC 0x1
     479/     210 : DB                  	JP _021B
     480/     211 : 04                  	XIS 0
     481/     212 : 06                  	X 0
     482/     213 : 03                  	SKMBZ 2
     483/     214 : D7                  	JP _0217
     484/     215 : 62 56               	JMP _0256
     485/     217 :                     	
     486/     217 : 33 A3               _0217	LBI 2,0x3 
     487/     219 : 7F                  	STII 0xF
     488/     21A : 48                  	RET
     489/     21B :                     	
     490/     21B : 51                  _021B	AISC 0x1
     491/     21C : F3                  	JP _0233
     492/     21D : 3A                  	LBI 3, 0xB
     493/     21E : 13                  	SKMBZ 3
     494/     21F : E1                  	JP _0221
     495/     220 : 48                  	RET
     496/     221 :                     
     497/     221 : 33 A3               _0221	LBI 2,0x3
     498/     223 : 05                  	LD 0
     499/     224 : 5F                  	AISC 0xF
     500/     225 : 44                  	NOP
     501/     226 : 36                  	X 3
     502/     227 : CA                  	JP _020A
     503/     228 : 33 A4               _0228	LBI 2,0x4
     504/     22A : 7F                  	STII 0xF
     505/     22B : 48                  	RET
     506/     22C :                     
     507/     22C : 43                  _022C	RMB 3
     508/     22D : 51                  	AISC 0x1
     509/     22E : 61 0A               	JMP _010A
     510/     230 : 4B                  	SMB 3
     511/     231 : 4D                  	SMB 0
     512/     232 : 48                  	RET
     513/     233 :                     	
     514/     233 : 05                  _0233	LD 0
     515/     234 : 38                  	LBI 3,0x9
     516/     235 : 5E                  	AISC 0xE
     517/     236 : EC                  	JP _022C
     518/     237 : 01                  	SKMBZ 0
     519/     238 : E8                  	JP _0228
     520/     239 : 8C                  _0239	JSRP _008C
     521/     23A : 2D                  	LBI 2,0xE
     522/     23B : 7E                  	STII 0xE
     523/     23C : 23 1A               	LDD 1,0xA
     524/     23E : 06                  	X 0
     525/     23F : 8F                  	JSRP _008F
     526/     240 :                     ; Page 9
     527/     240 : 39                  	LBI 3,0xA
     528/     241 : 7B                  	STII 0xB
     529/     242 : 39                  _0242	LBI 3,0xA
     530/     243 : 05                  	LD 0
     531/     244 : 5E                  	AISC 0xE
     532/     245 : 48                  	RET
     533/     246 : 06                  	X 0
     534/     247 : 05                  	LD 0
     535/     248 : 1F                  	LBI 1,0
     536/     249 : 50                  	CAB
     537/     24A : 05                  	LD 0
     538/     24B : 07                  	XDS 0
     539/     24C : 23 AE               	XAD 2,0xE
     540/     24E : 05                  	LD 0
     541/     24F : 23 AF               	XAD 2,0xF 
     542/     251 : 8F                  	JSRP _008F
     543/     252 : C2                  	JP _0242
     544/     253 : 33 03               _0253	SKGBZ 2
     545/     255 : 48                  	RET
     546/     256 :                     	
     547/     256 : 38                  _0256	LBI 3,0x9
     548/     257 : 4B                  	SMB 3
     549/     258 : 4D                  	SMB 0
     550/     259 : A3                  	JSRP _00A3
     551/     25A : 0F                  	LBI 0,0
     552/     25B : 33 3E               	OBD
     553/     25D : A3                  _025D	JSRP _00A3
     554/     25E : 33 13               	SKGBZ 3
     555/     260 : DD                  	JP _025D
     556/     261 : A3                  	JSRP _00A3
     557/     262 : 33 13               	SKGBZ 3
     558/     264 : DD                  	JP _025D
     559/     265 : 28                  	LBI 2,0x9
     560/     266 : 73                  _0266	STII 0x3
     561/     267 : 73                  	STII 0x3
     562/     268 : 73                  	STII 0x3
     563/     269 : 3A                  	LBI 3,0xB
     564/     26A : 46                  	SMB 2
     565/     26B : 33 3E               	OBD
     566/     26D : F6                  	JP _0276
     567/     26E : 33 13               _026E	SKGBZ 3
     568/     270 : 48                  	RET
     569/     271 : 8C                  	JSRP _008C
     570/     272 : 2D                  	LBI 2,0xE
     571/     273 : 7F                  	STII 0xF
     572/     274 : 7B                  	STII 0xB
     573/     275 : 8F                  	JSRP _008F
     574/     276 : 33 13               _0276	SKGBZ 3
     575/     278 : 48                  	RET
     576/     279 : A3                  	JSRP _00A3
     577/     27A : F6                  	JP _0276
     578/     27B :                     
     579/     27B : 33 A7               _027B	LBI 2,7
     580/     27D : 05                  	LD 0
     581/     27E : 51                  	AISC 0x1
     582/     27F : E6                  	JP _02A6	
     583/     280 :                     ; Page A
     584/     280 : 74                  	STII 0x4 
     585/     281 : 05                  	LD 0
     586/     282 : 51                  	AISC 0x1
     587/     283 : E6                  	JP _02A6
     588/     284 : 7E                  	STII 0xE
     589/     285 : 23 38               	LDD 3,0x8
     590/     287 : 51                  	AISC 0x1
     591/     288 : 23 B8               	XAD 3,0x8
     592/     28A : 3A                  	LBI 3,0xB
     593/     28B : 01                  	SKMBZ 0
     594/     28C : D0                  	JP _0290
     595/     28D : 11                  	SKMBZ 1
     596/     28E : D0                  	JP _0290
     597/     28F : E7                  	JP _02A7
     598/     290 : 1F                  _0290	LBI 1,0x0
     599/     291 : 6A D7               	JSR _02D7
     600/     293 : E7                  	JP _02A7
     601/     294 : 3A                  	LBI 3,0xB
     602/     295 : 11                  	SKMBZ 1
     603/     296 : 62 E0               	JMP _02E0
     604/     298 : 33 91               _0298	LBI 1,0x1
     605/     29A : 6A D7               	JSR _02D7
     606/     29C : E7                  	JP _02A7
     607/     29D : 5B                  	AISC 0xB
     608/     29E : E4                  	JP _02A4
     609/     29F : 04                  	XIS 0
     610/     2A0 : 6A D7               	JSR _02D7
     611/     2A2 : E7                  	JP _02A7
     612/     2A3 : 5B                  	AISC 0xB
     613/     2A4 : 56                  _02A4	AISC 0x6
     614/     2A5 : E8                  	JP _02A8
     615/     2A6 : 06                  _02A6	X 0
     616/     2A7 : 48                  _02A7	RET
     617/     2A8 :                     	
     618/     2A8 : 04                  _02A8	XIS 0
     619/     2A9 : 6A D7               	JSR _02D7
     620/     2AB : EE                  	JP _02AE
     621/     2AC : 51                  	AISC 0x1
     622/     2AD : E6                  	JP _02A6
     623/     2AE : 23 16               _02AE	LDD 1,0x6
     624/     2B0 : 5E                  	AISC 0xE 
     625/     2B1 : 48                  	RET
     626/     2B2 :                     	
     627/     2B2 : 05                  _02B2	LD 0
     628/     2B3 : 5C                  	AISC 0xC
     629/     2B4 : 48                  	RET
     630/     2B5 :                     	
     631/     2B5 : 70                  _02B5	STII 0x0
     632/     2B6 : 70                  	STII 0x0
     633/     2B7 : 6A D7               	JSR _02D7 
     634/     2B9 : FE                  	JP _02BE
     635/     2BA : 6A D7               _02BA	JSR _02D7
     636/     2BC : 48                  	RET
     637/     2BD :                     	
     638/     2BD : FA                  _02BD	JP _02BA
     639/     2BE : 23 19               _02BE	LDD 1,0x9
     640/     2C0 :                     ; Page B
     641/     2C0 : 5D                  	AISC 0xD 
     642/     2C1 : 48                  	RET
     643/     2C2 :                     	
     644/     2C2 : 23 18               _02C2	LDD 1,0x8
     645/     2C4 : 5A                  	AISC 0xA
     646/     2C5 : 48                  	RET	
     647/     2C6 : 05                  	LD 0
     648/     2C7 : 19                  	LBI 1,0xA
     649/     2C8 : 01                  	SKMBZ 0
     650/     2C9 : CB                  	JP _02CB
     651/     2CA : 11                  	SKMBZ 1
     652/     2CB : 51                  _02CB	AISC 0x1
     653/     2CC : 59                  	AISC 0x9
     654/     2CD : 48                  	RET
     655/     2CE :                     	
     656/     2CE : 33 97               _02CE	LBI 1,0x7
     657/     2D0 : 71                  	STII 0x1 
     658/     2D1 : 70                  	STII 0x0
     659/     2D2 : 70                  	STII 0x0
     660/     2D3 : 05                  	LD 0
     661/     2D4 : 51                  	AISC 0x1
     662/     2D5 : 44                  	NOP
     663/     2D6 : DB                  	JP _02DB
     664/     2D7 : 05                  _02D7	LD 0
     665/     2D8 : 57                  	AISC 0x7 
     666/     2D9 : 5A                  	AISC 0xA
     667/     2DA : DD                  	JP _02DD
     668/     2DB : 06                  _02DB	X 0
     669/     2DC : 48                  	RET
     670/     2DD :                     	
     671/     2DD : 04                  _02DD	XIS 0
     672/     2DE : 05                  	LD 0
     673/     2DF : 49                  	RETSK
     674/     2E0 :                     	
     675/     2E0 : 1A                  _02E0	LBI 1,0xB 
     676/     2E1 : 32                  	RC
     677/     2E2 : 00                  _02E2	CLRA
     678/     2E3 : 5F                  	AISC 0xF
     679/     2E4 : 30                  	ASC
     680/     2E5 : E9                  	JP _02E9
     681/     2E6 : 06                  	X 0
     682/     2E7 : 62 98               	JMP _0298 
     683/     2E9 : 04                  _02E9	XIS 0
     684/     2EA : E2                  	JP _02E2
     685/     2EB : 3A                  	LBI 3,0xB
     686/     2EC : 45                  	RMB 1
     687/     2ED : 01                  	SKMBZ 0
     688/     2EE : 33 3E               	OBD
     689/     2F0 : 4D                  	SMB 0
     690/     2F1 : 8C                  	JSRP _008C
     691/     2F2 : 2D                  	LBI 2,0xE
     692/     2F3 : 7F                  	STII 0xF
     693/     2F4 : 7C                  	STII 0xC
     694/     2F5 : 8F                  	JSRP _008F
     695/     2F6 : 62 98               	JMP _0298
     696/     2F8 :                     	
     697/     2F8 : 33 69               _02F8	LEI 9
     698/     2FA : 33 13               	SKGBZ 3
     699/     2FC : 63 05               	JMP _0305
     700/     2FE : 0F                  	LBI 0,0
     701/     2FF : 33 2E               	INL
     702/     301 :                     ; Page C
     703/     301 : 3F                  	LBI 3,0
     704/     302 : 50                  	CAB
     705/     303 : 63 F9               	JMP _03F9
     706/     305 : 20                  _0305	SKC
     707/     306 : CC                  	JP _030C
     708/     307 : A7                  	JSRP _00A7
     709/     308 : 3D                  	LBI 3,0xE
     710/     309 : 7F                  	STII 0xF
     711/     30A : 7F                  	STII 0xF
     712/     30B : AA                  	JSRP _00AA
     713/     30C : 32                  _030C	RC	
     714/     30D : 7F                  	STII 0xF
     715/     30E : 33 3E               	OBD
     716/     310 : 7F                  	STII 0xF
     717/     311 : 33 3E               	OBD
     718/     313 : 4F                  	XAS
     719/     314 : 29                  	LBI 2,0xA
     720/     315 : 06                  	X 0
     721/     316 : A7                  	JSRP _00A7
     722/     317 : 29                  	LBI 2,0xA
     723/     318 : 00                  	CLRA
     724/     319 : 21                  	SKE
     725/     31A : E1                  	JP _0321
     726/     31B : 3D                  	LBI 3,0xE
     727/     31C : 33 2E               	INL	
     728/     31E : 23 BF               	XAD 3,0xF
     729/     320 : E6                  	JP _0326
     730/     321 : 51                  _0321	AISC 0x1
     731/     322 : 06                  	X 0
     732/     323 : 3D                  	LBI 3,0xE
     733/     324 : 7D                  	STII 0xD
     734/     325 : 06                  	X 0
     735/     326 : AA                  _0326	JSRP _00AA
     736/     327 : 33 61               	LEI 0x1
     737/     329 : 0E                  _0329	LBI 0, 0xF
     738/     32A : 22                  	SC
     739/     32B : 4F                  	XAS
     740/     32C : 33 3E               _032C	OBD	
     741/     32E : 33 2A               	ING
     742/     330 : 21                  	SKE		
     743/     331 : 63 7D               	JMP 0x37D
     744/     333 : 07                  _0333	XDS 0x0
     745/     334 : EC                  	JP _032C
     746/     335 : 20                  	SKC
     747/     336 : E9                  	JP _0329
     748/     337 : 32                  	RC
     749/     338 : 4F                  	XAS
     750/     339 : 41                  	SKT
     751/     33A : 63 49               	JMP _0349
     752/     33C : 28                  	LBI 2,9
     753/     33D : 05                  	LD 0
     754/     33E : 51                  	AISC 0x1
     755/     33F : 04                  	XIS 0
     756/     340 :                     ; Page D
     757/     340 : 29                  	LBI 2,0xA
     758/     341 : 01                  	SKMBZ 0
     759/     342 : C4                  	JP _0344
     760/     343 : C9                  	JP _0349
     761/     344 : 2A                  _0344	LBI 2,0xB
     762/     345 : 05                  	LD 0
     763/     346 : 5F                  	AISC 0xF
     764/     347 : CC                  	JP _034C
     765/     348 : 06                  	X 0
     766/     349 : 1E                  _0349	LBI 1,0xF
     767/     34A : 63 2C               	JMP _032C
     768/     34C : 06                  _034C	X 0
     769/     34D : 33 6D               	LEI 0xD
     770/     34F : 33 01               _034F	SKGBZ 0
     771/     351 : CF                  	JP _034F
     772/     352 : 33 01               _0352	SKGBZ 0
     773/     354 : D6                  	JP _0356
     774/     355 : D2                  	JP _0352
     775/     356 : 33 01               _0356	SKGBZ 0
     776/     358 : 9D                  	JSRP _009D 
     777/     359 : 9E                  	JSRP _009E
     778/     35A : 9D                  	JSRP _009D
     779/     35B : 22                  	SC
     780/     35C : 4F                  	XAS
     781/     35D : 9E                  	JSRP _009E
     782/     35E : 32                  	RC
     783/     35F : 4F                  	XAS
     784/     360 : 9D                  	JSRP _009D 
     785/     361 : 2D                  	LBI 2,0xE
     786/     362 : 4C                  _0362	RMB 0
     787/     363 : 33 01               	SKGBZ 0
     788/     365 : 4D                  	SMB 0
     789/     366 : 45                  	RMB 1
     790/     367 : 33 01               	SKGBZ 0
     791/     369 : 47                  	SMB 1
     792/     36A : 42                  	RMB 2
     793/     36B : 33 01               	SKGBZ 0
     794/     36D : 46                  	SMB 2
     795/     36E : 43                  	RMB 3
     796/     36F : 33 01               	SKGBZ 0
     797/     371 : 4B                  	SMB 3
     798/     372 : 06                  	X 0
     799/     373 : 04                  	XIS 0
     800/     374 : E2                  	JP _0362
     801/     375 : 33 65               	LEI 0x5
     802/     377 : 2D                  	LBI 2,0xE
     803/     378 : 23 2F               	LDD 2,0xF
     804/     37A : 33 3C               	CAMQ
     805/     37C : C9                  	JP _0349
     806/     37D :                     
     807/     37D : 02                  _037D	XOR
     808/     37E : 06                  	X 0
     809/     37F : 01                  	SKMBZ 0	
     810/     380 :                     ; Page E
     811/     380 : C9                  	JP _0389
     812/     381 : 11                  _0381	SKMBZ 1
     813/     382 : D4                  	JP _0394
     814/     383 : 03                  _0383	SKMBZ 2
     815/     384 : E1                  	JP _03A1
     816/     385 : 13                  _0385	SKMBZ 3
     817/     386 : F0                  	JP _03B0
     818/     387 : 63 33               _0387	JMP _0333 
     819/     389 :                     
     820/     389 : 06                  _0389	X 0
     821/     38A : 01                  	SKMBZ 0
     822/     38B : D0                  	JP _0390
     823/     38C : 80                  	JSRP _0080
     824/     38D : C1                  	JP _0381
     825/     38E : 4D                  	SMB 0
     826/     38F : E8                  	JP _03A8
     827/     390 : 8B                  _0390	JSRP _008B 
     828/     391 : C1                  	JP _0381
     829/     392 : 4C                  	RMB 0
     830/     393 : EE                  	JP _03AE
     831/     394 : 06                  _0394	X 0
     832/     395 : 11                  	SKMBZ 1
     833/     396 : DC                  	JP _039C
     834/     397 : 80                  	JSRP _0080
     835/     398 : C3                  	JP _0383 
     836/     399 : 47                  	SMB 1
     837/     39A : 52                  	AISC 0x2
     838/     39B : E8                  	JP _03A8
     839/     39C : 8B                  _039C	JSRP _008B
     840/     39D : C3                  	JP _0383
     841/     39E : 45                  	RMB 1
     842/     39F : 52                  	AISC 0x2
     843/     3A0 : EE                  	JP _03AE 
     844/     3A1 : 06                  _03A1	X 0
     845/     3A2 : 03                  	SKMBZ 2
     846/     3A3 : EA                  	JP _03AA
     847/     3A4 : 80                  	JSRP _0080
     848/     3A5 : C5                  	JP _0385
     849/     3A6 : 46                  	SMB 2
     850/     3A7 : 54                  	AISC 0x4
     851/     3A8 : 63 D2               _03A8	JMP _03D2
     852/     3AA : 8B                  _03AA	JSRP _008B
     853/     3AB : C5                  	JP _0385
     854/     3AC : 42                  	RMB 2
     855/     3AD : 54                  	AISC 0x4
     856/     3AE : 63 CB               _03AE	JMP _03CB
     857/     3B0 : 06                  _03B0	X 0
     858/     3B1 : 13                  	SKMBZ 3
     859/     3B2 : 63 C6               	JMP _03C6
     860/     3B4 : 20                  	SKC
     861/     3B5 : F7                  	JP _03B7
     862/     3B6 : FD                  	JP _03BD
     863/     3B7 : 13                  _03B7	SKMBZ 3
     864/     3B8 : FA                  	JP _03BA 
     865/     3B9 : FD                  	JP _03BD
     866/     3BA : 03                  _03BA	SKMBZ 2
     867/     3BB : 63 C0               	JMP _03C0
     868/     3BD : 80                  _03BD	JSRP _0080
     869/     3BE : C7                  	JP _0387
     870/     3BF : C3                  	JP _03C3	
     871/     3C0 :                     	
     872/     3C0 :                     ; Page F
     873/     3C0 : 8B                  _03C0	JSRP _008B 
     874/     3C1 : 63 87               	JMP _0387
     875/     3C3 : 4B                  _03C3	SMB 3
     876/     3C4 : 56                  	AISC 0x6
     877/     3C5 : D2                  	JP _03D2
     878/     3C6 : 8B                  _03C6	JSRP _008B
     879/     3C7 : 63 87               	JMP _0387 
     880/     3C9 : 43                  	RMB 3
     881/     3CA : 56                  	AISC 0x6
     882/     3CB : 23 A9               _03CB	XAD 2,0x9
     883/     3CD : 00                  	CLRA
     884/     3CE : 57                  	AISC 0x7
     885/     3CF : 23 A9               	XAD 2,0x9 
     886/     3D1 : 58                  	AISC 0x8
     887/     3D2 : 20                  _03D2	SKC
     888/     3D3 : 51                  	AISC 0x1
     889/     3D4 : 23 BE               	XAD 3,0xE
     890/     3D6 : 4E                  	CBA
     891/     3D7 : 23 BF               	XAD 3,0xF 
     892/     3D9 : 32                  	RC
     893/     3DA : 4F                  	XAS
     894/     3DB : 29                  	LBI 2,0xA
     895/     3DC : 01                  	SKMBZ 0
     896/     3DD : E5                  	JP _03E5
     897/     3DE : 33 69               	LEI 0x9
     898/     3E0 : AA                  	JSRP _00AA 
     899/     3E1 : 33 61               	LEI 0x1
     900/     3E3 : 63 29               	JMP _0329
     901/     3E5 : 33 6D               _03E5	LEI 0xD
     902/     3E7 : AA                  	JSRP _00AA
     903/     3E8 : 33 65               	LEI 0x5
     904/     3EA : 63 29               	JMP _0329
     905/     3EC :                     
     906/     3EC : 0F                  _03EC	LBI 0,0x0
     907/     3ED : 00                  _03ED	CLRA
     908/     3EE : 5F                  	AISC 0xF
     909/     3EF : 06                  	X 0
     910/     3F0 : 15                  	LD 1
     911/     3F1 : 36                  	X 3
     912/     3F2 : 00                  	CLRA
     913/     3F3 : 16                  	X 1
     914/     3F4 : 00                  	CLRA
     915/     3F5 : 34                  	XIS 3
     916/     3F6 : ED                  	JP _03ED
     917/     3F7 : 61 E5               _03F7	JMP _01E5 
     918/     3F9 :                     
     919/     3F9 : 23 00               _03F9	LDD 0,0x0	
     920/     3FB : 06                  	X 0	
     921/     3FC : 3F                  	LBI 3,0
     922/     3FD : AB                  	JSRP _00AB
     923/     3FE : 33 60               	LEI 0 
     924/     400 :                     
     925/     400 :                     	end
 AS V1.42 Beta [Bld 80] - source file COP421-HZT.asm - page 2 - 1/24/2016 11:52:51


  symbol table (* = unused):
  ------------------------

*ARCHITECTURE :  i386-unknown-win32 - | *BIGENDIAN :                      0 - |
*BRANCHEXT :                      0 - | *CASESENSITIVE :                  0 - |
*CONSTPI :        3.141592653589793 - | *DATE :                   1/24/2016 - |
*FALSE :                          0 - | *FULLPMMU :                       1 - |
*HAS64 :                          1 - | *HASDSP :                         0 - |
*HASFPU :                         0 - | *HASPMMU :                        0 - |
*INEXTMODE :                      0 - | *INLWORDMODE :                    0 - |
*INMAXMODE :                      0 - | *INSRCMODE :                      0 - |
*INSUPMODE :                      0 - | *LISTON :                         1 - |
*MACEXP :                         1 - | *MOMCPU :                       420 - |
*MOMCPUNAME :                COP420 - | *NESTMAX :                      100 - |
*PACKING :                        0 - | *PADDING :                        1 - |
*RELAXED :                        0 - | *TIME :                    11:52:51 - |
*TRUE :                           1 - | *VERSION :                     142F - |
*_0000 :                          0 C |  _000C :                          C C |
 _000D :                          D C |  _0019 :                         19 C |
 _002B :                         2B C | *_002E :                         2E C |
 _0040 :                         40 C | *_0061 :                         61 C |
 _0063 :                         63 C |  _006B :                         6B C |
 _006F :                         6F C |  _0070 :                         70 C |
 _0074 :                         74 C |  _0077 :                         77 C |
 _0080 :                         80 C |  _0089 :                         89 C |
 _008B :                         8B C |  _008C :                         8C C |
 _008F :                         8F C |  _0095 :                         95 C |
 _009D :                         9D C |  _009E :                         9E C |
 _009F :                         9F C |  _00A3 :                         A3 C |
 _00A7 :                         A7 C |  _00AA :                         AA C |
 _00AB :                         AB C |  _00AE :                         AE C |
 _00B2 :                         B2 C |  _00B5 :                         B5 C |
 _00B7 :                         B7 C |  _00CD :                         CD C |
 _00DB :                         DB C |  _00DD :                         DD C |
 _00DF :                         DF C |  _00EC :                         EC C |
 _00F7 :                         F7 C |  _00FF :                         FF C |
 _010A :                        10A C | *_0112 :                        112 C |
 _0114 :                        114 C |  _011F :                        11F C |
 _0124 :                        124 C |  _012B :                        12B C |
 _0133 :                        133 C |  _0138 :                        138 C |
 _014E :                        14E C | *_0161 :                        161 C |
 _0168 :                        168 C |  _016A :                        16A C |
 _016D :                        16D C |  _017D :                        17D C |
*_0181 :                        181 C |  _0182 :                        182 C |
 _0183 :                        183 C |  _018D :                        18D C |
 _0190 :                        190 C |  _0193 :                        193 C |
 _0197 :                        197 C |  _019E :                        19E C |
 _01A0 :                        1A0 C |  _01A6 :                        1A6 C |
 _01AB :                        1AB C |  _01AC :                        1AC C |
 _01B8 :                        1B8 C |  _01BE :                        1BE C |
 _01C3 :                        1C3 C | *_01C7 :                        1C7 C |
 _01CC :                        1CC C |  _01DB :                        1DB C |
 _01E5 :                        1E5 C |  _01E6 :                        1E6 C |
 _01F2 :                        1F2 C |  _01F6 :                        1F6 C |
 _01FA :                        1FA C |  _020A :                        20A C |
 _020F :                        20F C |  _0217 :                        217 C |
 _021B :                        21B C |  _0221 :                        221 C |
 _0228 :                        228 C |  _022C :                        22C C |
 _0233 :                        233 C |  _0239 :                        239 C |
 _0242 :                        242 C |  _0253 :                        253 C |
 _0256 :                        256 C |  _025D :                        25D C |
*_0266 :                        266 C |  _026E :                        26E C |
 _0276 :                        276 C |  _027B :                        27B C |
 _0290 :                        290 C |  _0298 :                        298 C |
 _02A4 :                        2A4 C |  _02A6 :                        2A6 C |
 _02A7 :                        2A7 C |  _02A8 :                        2A8 C |
 _02AE :                        2AE C | *_02B2 :                        2B2 C |
*_02B5 :                        2B5 C |  _02BA :                        2BA C |
*_02BD :                        2BD C |  _02BE :                        2BE C |
*_02C2 :                        2C2 C |  _02CB :                        2CB C |
*_02CE :                        2CE C |  _02D7 :                        2D7 C |
 _02DB :                        2DB C |  _02DD :                        2DD C |
 _02E0 :                        2E0 C |  _02E2 :                        2E2 C |
 _02E9 :                        2E9 C | *_02F8 :                        2F8 C |
 _0305 :                        305 C |  _030C :                        30C C |
 _0321 :                        321 C |  _0326 :                        326 C |
 _0329 :                        329 C |  _032C :                        32C C |
 _0333 :                        333 C |  _0344 :                        344 C |
 _0349 :                        349 C |  _034C :                        34C C |
 _034F :                        34F C |  _0352 :                        352 C |
 _0356 :                        356 C |  _0362 :                        362 C |
*_037D :                        37D C |  _0381 :                        381 C |
 _0383 :                        383 C |  _0385 :                        385 C |
 _0387 :                        387 C |  _0389 :                        389 C |
 _0390 :                        390 C |  _0394 :                        394 C |
 _039C :                        39C C |  _03A1 :                        3A1 C |
 _03A8 :                        3A8 C |  _03AA :                        3AA C |
 _03AE :                        3AE C |  _03B0 :                        3B0 C |
 _03B7 :                        3B7 C |  _03BA :                        3BA C |
 _03BD :                        3BD C |  _03C0 :                        3C0 C |
 _03C3 :                        3C3 C |  _03C6 :                        3C6 C |
 _03CB :                        3CB C |  _03D2 :                        3D2 C |
 _03E5 :                        3E5 C |  _03EC :                        3EC C |
 _03ED :                        3ED C | *_03F7 :                        3F7 C |
 _03F9 :                        3F9 C |

    183 symbols
     44 unused symbols

 AS V1.42 Beta [Bld 80] - source file COP421-HZT.asm - page 3 - 1/24/2016 11:52:51


  codepages:
  ----------

STANDARD (0 changed characters)


0.01 seconds assembly time

    926 lines source file
      2 passes
      0 errors
      0 warnings
